// Jest Snapshot v1, https://goo.gl/fbAQLP

exports[`DatePicker should handle minDate 1`] = `
<button
  class="react-calendar__tile react-calendar__month-view__days__day"
  style="flex-basis: 14.285714285714286%; flex-shrink: 0; flex-grow: 0; overflow: hidden; margin-inline-end: 0;"
  type="button"
>
  <abbr
    aria-label="May 15, 2025"
  >
    15
  </abbr>
</button>
`;

exports[`DatePicker should render without crashing 1`] = `
<div>
  <div
    class="position-relativ"
  >
    <div
      class="input-group flex"
    >
      <input
        class="form-control "
        name="date"
        placeholder="01.01.2020"
        type="string"
        value=""
      />
      <button
        aria-label="open calendar"
        class="input-group-text"
        type="button"
      >
        <svg
          aria-hidden="true"
          class="svg-inline--fa fa-calendar "
          data-icon="calendar"
          data-prefix="fas"
          focusable="false"
          role="img"
          viewBox="0 0 448 512"
          xmlns="http://www.w3.org/2000/svg"
        >
          <path
            d="M96 32l0 32L48 64C21.5 64 0 85.5 0 112l0 48 448 0 0-48c0-26.5-21.5-48-48-48l-48 0 0-32c0-17.7-14.3-32-32-32s-32 14.3-32 32l0 32L160 64l0-32c0-17.7-14.3-32-32-32S96 14.3 96 32zM448 192L0 192 0 464c0 26.5 21.5 48 48 48l352 0c26.5 0 48-21.5 48-48l0-272z"
            fill="currentColor"
          />
        </svg>
      </button>
    </div>
    <div
      style="display: contents;"
    />
  </div>
</div>
`;
