// Jest Snapshot v1, https://goo.gl/fbAQLP

exports[`returns correct data 1`] = `
[
  {
    "capacity": 5,
    "description": "Für Typ1 Uniformteile in Reserve",
    "isReserve": true,
    "name": "Kiste 01",
    "uniformList": [
      {
        "comment": "",
        "generation": {
          "name": "Generation1-1",
          "outdated": true,
        },
        "isReserve": true,
        "number": 1108,
        "size": {
          "name": "3",
        },
        "type": {
          "name": "Typ1",
        },
      },
      {
        "comment": "",
        "generation": {
          "name": "Generation1-1",
          "outdated": true,
        },
        "isReserve": true,
        "number": 1109,
        "size": {
          "name": "3",
        },
        "type": {
          "name": "Typ1",
        },
      },
    ],
  },
  {
    "capacity": 5,
    "description": "Für Typ1 Uniformteile in Reserve",
    "isReserve": true,
    "name": "Kiste 02",
    "uniformList": [
      {
        "comment": "",
        "generation": {
          "name": "Generation1-1",
          "outdated": true,
        },
        "isReserve": true,
        "number": 1115,
        "size": {
          "name": "4",
        },
        "type": {
          "name": "Typ1",
        },
      },
      {
        "comment": "",
        "generation": {
          "name": "Generation1-1",
          "outdated": true,
        },
        "isReserve": true,
        "number": 1116,
        "size": {
          "name": "4",
        },
        "type": {
          "name": "Typ1",
        },
      },
      {
        "comment": "",
        "generation": {
          "name": "Generation1-1",
          "outdated": true,
        },
        "isReserve": true,
        "number": 1117,
        "size": {
          "name": "5",
        },
        "type": {
          "name": "Typ1",
        },
      },
      {
        "comment": "",
        "generation": {
          "name": "Generation1-1",
          "outdated": true,
        },
        "isReserve": true,
        "number": 1118,
        "size": {
          "name": "5",
        },
        "type": {
          "name": "Typ1",
        },
      },
      {
        "comment": "",
        "generation": {
          "name": "Generation1-1",
          "outdated": true,
        },
        "isReserve": true,
        "number": 1119,
        "size": {
          "name": "0",
        },
        "type": {
          "name": "Typ1",
        },
      },
    ],
  },
  {
    "capacity": 10,
    "description": "Für Typ3 Uniformteile in Reserve",
    "isReserve": true,
    "name": "Kiste 03",
    "uniformList": [
      {
        "comment": "",
        "generation": null,
        "isReserve": false,
        "number": 1310,
        "size": {
          "name": "2",
        },
        "type": {
          "name": "Typ3",
        },
      },
      {
        "comment": "",
        "generation": null,
        "isReserve": false,
        "number": 1311,
        "size": {
          "name": "2",
        },
        "type": {
          "name": "Typ3",
        },
      },
      {
        "comment": "",
        "generation": null,
        "isReserve": false,
        "number": 1312,
        "size": {
          "name": "2",
        },
        "type": {
          "name": "Typ3",
        },
      },
      {
        "comment": "",
        "generation": null,
        "isReserve": false,
        "number": 1313,
        "size": {
          "name": "3",
        },
        "type": {
          "name": "Typ3",
        },
      },
      {
        "comment": "",
        "generation": null,
        "isReserve": false,
        "number": 1314,
        "size": {
          "name": "3",
        },
        "type": {
          "name": "Typ3",
        },
      },
      {
        "comment": "",
        "generation": null,
        "isReserve": false,
        "number": 1315,
        "size": {
          "name": "3",
        },
        "type": {
          "name": "Typ3",
        },
      },
      {
        "comment": "",
        "generation": null,
        "isReserve": false,
        "number": 1316,
        "size": {
          "name": "3",
        },
        "type": {
          "name": "Typ3",
        },
      },
    ],
  },
  {
    "capacity": 10,
    "description": "Für Typ3 aktive Uniformteile",
    "isReserve": false,
    "name": "Kiste 04",
    "uniformList": [
      {
        "comment": "",
        "generation": null,
        "isReserve": true,
        "number": 1320,
        "size": {
          "name": "4",
        },
        "type": {
          "name": "Typ3",
        },
      },
      {
        "comment": "",
        "generation": null,
        "isReserve": true,
        "number": 1321,
        "size": {
          "name": "4",
        },
        "type": {
          "name": "Typ3",
        },
      },
      {
        "comment": "",
        "generation": null,
        "isReserve": true,
        "number": 1322,
        "size": {
          "name": "4",
        },
        "type": {
          "name": "Typ3",
        },
      },
      {
        "comment": "",
        "generation": null,
        "isReserve": true,
        "number": 1323,
        "size": {
          "name": "4",
        },
        "type": {
          "name": "Typ3",
        },
      },
    ],
  },
  {
    "capacity": null,
    "description": "Für Typ2 aktive Uniformteile",
    "isReserve": false,
    "name": "Kiste 05",
    "uniformList": [],
  },
]
`;
