// Jest Snapshot v1, https://jestjs.io/docs/snapshot-testing

exports[`<UniformGenerationTable /> renders the component 1`] = `
<div
  data-testid="uniform-generation-table"
>
  <h3
    class="text-center"
  >
    common.uniform.generation.label
  </h3>
  <hr
    class="my-0"
  />
  <div
    class="row"
  >
    <table
      class="table"
    >
      <thead>
        <tr>
          <th />
          <th>
            common.uniform.generation.label
          </th>
          <th
            class="d-none d-sm-table-cell"
          >
            common.uniform.generation.outdated
          </th>
          <th>
            common.uniform.sizelist.label
          </th>
          <th>
            <button
              aria-label="create"
              class="border-0 align-self-center undefined btn btn-outline-success btn-sm"
              data-testid="btn_create"
              type="button"
            >
              <svg
                aria-hidden="true"
                class="svg-inline--fa fa-plus "
                data-icon="plus"
                data-prefix="fas"
                role="img"
                viewBox="0 0 448 512"
              >
                <path
                  d="M256 64c0-17.7-14.3-32-32-32s-32 14.3-32 32l0 160-160 0c-17.7 0-32 14.3-32 32s14.3 32 32 32l160 0 0 160c0 17.7 14.3 32 32 32s32-14.3 32-32l0-160 160 0c17.7 0 32-14.3 32-32s-14.3-32-32-32l-160 0 0-160z"
                  fill="currentColor"
                />
              </svg>
            </button>
          </th>
        </tr>
      </thead>
      <tbody
        data-testid="reorderable-table-body"
      >
        <tr
          aria-label="Test Generation 1"
        >
          <td
            class=""
          >
            <span
              aria-label="drag item"
              class="p-2 drag-handler"
            >
              <svg
                aria-hidden="true"
                class="svg-inline--fa fa-bars "
                data-icon="bars"
                data-prefix="fas"
                role="img"
                viewBox="0 0 448 512"
              >
                <path
                  d="M0 96C0 78.3 14.3 64 32 64l384 0c17.7 0 32 14.3 32 32s-14.3 32-32 32L32 128C14.3 128 0 113.7 0 96zM0 256c0-17.7 14.3-32 32-32l384 0c17.7 0 32 14.3 32 32s-14.3 32-32 32L32 288c-17.7 0-32-14.3-32-32zM448 416c0 17.7-14.3 32-32 32L32 448c-17.7 0-32-14.3-32-32s14.3-32 32-32l384 0c17.7 0 32 14.3 32 32z"
                  fill="currentColor"
                />
              </svg>
            </span>
          </td>
          <td
            class=""
          >
            Test Generation 1
          </td>
          <td
            class=" d-none d-sm-table-cell"
          >
            common.no
          </td>
          <td>
            Test Size List 1
          </td>
          <td>
            <button
              aria-label="open"
              class="border-0 align-self-center  btn btn-outline-secondary btn-sm"
              data-testid="btn_open"
              type="button"
            >
              <svg
                aria-hidden="true"
                class="svg-inline--fa fa-arrow-up-right-from-square "
                data-icon="arrow-up-right-from-square"
                data-prefix="fas"
                role="img"
                viewBox="0 0 512 512"
              >
                <path
                  d="M320 0c-17.7 0-32 14.3-32 32s14.3 32 32 32l82.7 0-201.4 201.4c-12.5 12.5-12.5 32.8 0 45.3s32.8 12.5 45.3 0L448 109.3 448 192c0 17.7 14.3 32 32 32s32-14.3 32-32l0-160c0-17.7-14.3-32-32-32L320 0zM80 96C35.8 96 0 131.8 0 176L0 432c0 44.2 35.8 80 80 80l256 0c44.2 0 80-35.8 80-80l0-80c0-17.7-14.3-32-32-32s-32 14.3-32 32l0 80c0 8.8-7.2 16-16 16L80 448c-8.8 0-16-7.2-16-16l0-256c0-8.8 7.2-16 16-16l80 0c17.7 0 32-14.3 32-32s-14.3-32-32-32L80 96z"
                  fill="currentColor"
                />
              </svg>
            </button>
          </td>
        </tr>
        <tr
          aria-label="Test Generation 2"
        >
          <td
            class=""
          >
            <span
              aria-label="drag item"
              class="p-2 drag-handler"
            >
              <svg
                aria-hidden="true"
                class="svg-inline--fa fa-bars "
                data-icon="bars"
                data-prefix="fas"
                role="img"
                viewBox="0 0 448 512"
              >
                <path
                  d="M0 96C0 78.3 14.3 64 32 64l384 0c17.7 0 32 14.3 32 32s-14.3 32-32 32L32 128C14.3 128 0 113.7 0 96zM0 256c0-17.7 14.3-32 32-32l384 0c17.7 0 32 14.3 32 32s-14.3 32-32 32L32 288c-17.7 0-32-14.3-32-32zM448 416c0 17.7-14.3 32-32 32L32 448c-17.7 0-32-14.3-32-32s14.3-32 32-32l384 0c17.7 0 32 14.3 32 32z"
                  fill="currentColor"
                />
              </svg>
            </span>
          </td>
          <td
            class=""
          >
            Test Generation 2
          </td>
          <td
            class=" d-none d-sm-table-cell"
          >
            common.no
          </td>
          <td>
            Test Size List 2
          </td>
          <td>
            <button
              aria-label="open"
              class="border-0 align-self-center  btn btn-outline-secondary btn-sm"
              data-testid="btn_open"
              type="button"
            >
              <svg
                aria-hidden="true"
                class="svg-inline--fa fa-arrow-up-right-from-square "
                data-icon="arrow-up-right-from-square"
                data-prefix="fas"
                role="img"
                viewBox="0 0 512 512"
              >
                <path
                  d="M320 0c-17.7 0-32 14.3-32 32s14.3 32 32 32l82.7 0-201.4 201.4c-12.5 12.5-12.5 32.8 0 45.3s32.8 12.5 45.3 0L448 109.3 448 192c0 17.7 14.3 32 32 32s32-14.3 32-32l0-160c0-17.7-14.3-32-32-32L320 0zM80 96C35.8 96 0 131.8 0 176L0 432c0 44.2 35.8 80 80 80l256 0c44.2 0 80-35.8 80-80l0-80c0-17.7-14.3-32-32-32s-32 14.3-32 32l0 80c0 8.8-7.2 16-16 16L80 448c-8.8 0-16-7.2-16-16l0-256c0-8.8 7.2-16 16-16l80 0c17.7 0 32-14.3 32-32s-14.3-32-32-32L80 96z"
                  fill="currentColor"
                />
              </svg>
            </button>
          </td>
        </tr>
        <tr
          aria-label="Test Generation 3"
        >
          <td
            class=""
          >
            <span
              aria-label="drag item"
              class="p-2 drag-handler"
            >
              <svg
                aria-hidden="true"
                class="svg-inline--fa fa-bars "
                data-icon="bars"
                data-prefix="fas"
                role="img"
                viewBox="0 0 448 512"
              >
                <path
                  d="M0 96C0 78.3 14.3 64 32 64l384 0c17.7 0 32 14.3 32 32s-14.3 32-32 32L32 128C14.3 128 0 113.7 0 96zM0 256c0-17.7 14.3-32 32-32l384 0c17.7 0 32 14.3 32 32s-14.3 32-32 32L32 288c-17.7 0-32-14.3-32-32zM448 416c0 17.7-14.3 32-32 32L32 448c-17.7 0-32-14.3-32-32s14.3-32 32-32l384 0c17.7 0 32 14.3 32 32z"
                  fill="currentColor"
                />
              </svg>
            </span>
          </td>
          <td
            class=""
          >
            Test Generation 3
          </td>
          <td
            class=" d-none d-sm-table-cell"
          >
            common.yes
          </td>
          <td>
            Test Size List 2
          </td>
          <td>
            <button
              aria-label="open"
              class="border-0 align-self-center  btn btn-outline-secondary btn-sm"
              data-testid="btn_open"
              type="button"
            >
              <svg
                aria-hidden="true"
                class="svg-inline--fa fa-arrow-up-right-from-square "
                data-icon="arrow-up-right-from-square"
                data-prefix="fas"
                role="img"
                viewBox="0 0 512 512"
              >
                <path
                  d="M320 0c-17.7 0-32 14.3-32 32s14.3 32 32 32l82.7 0-201.4 201.4c-12.5 12.5-12.5 32.8 0 45.3s32.8 12.5 45.3 0L448 109.3 448 192c0 17.7 14.3 32 32 32s32-14.3 32-32l0-160c0-17.7-14.3-32-32-32L320 0zM80 96C35.8 96 0 131.8 0 176L0 432c0 44.2 35.8 80 80 80l256 0c44.2 0 80-35.8 80-80l0-80c0-17.7-14.3-32-32-32s-32 14.3-32 32l0 80c0 8.8-7.2 16-16 16L80 448c-8.8 0-16-7.2-16-16l0-256c0-8.8 7.2-16 16-16l80 0c17.7 0 32-14.3 32-32s-14.3-32-32-32L80 96z"
                  fill="currentColor"
                />
              </svg>
            </button>
          </td>
        </tr>
      </tbody>
    </table>
  </div>
</div>
`;
