// Jest Snapshot v1, https://goo.gl/fbAQLP

exports[`UniformDeficiencyRow renders correctly 1`] = `
<div>
  <div
    class="m-0 mb-2 row"
  >
    <div
      class="col"
    >
      <button
        class="mb-2 border-0 btn btn-outline-success"
        type="button"
      >
        common.actions.create
         
        <svg
          aria-hidden="true"
          class="svg-inline--fa fa-plus fa-sm "
          data-icon="plus"
          data-prefix="fas"
          focusable="false"
          role="img"
          viewBox="0 0 448 512"
          xmlns="http://www.w3.org/2000/svg"
        >
          <path
            d="M256 80c0-17.7-14.3-32-32-32s-32 14.3-32 32l0 144L48 224c-17.7 0-32 14.3-32 32s14.3 32 32 32l144 0 0 144c0 17.7 14.3 32 32 32s32-14.3 32-32l0-144 144 0c17.7 0 32-14.3 32-32s-14.3-32-32-32l-144 0 0-144z"
            fill="currentColor"
          />
        </svg>
      </button>
    </div>
    <div
      class="text-end m-2 col-auto"
    >
      <div
        class="form-check form-switch"
      >
        <input
          class="form-check-input"
          type="checkbox"
        />
        <label
          class="form-check-label"
          title=""
        >
          gelöste Mängel anzeigen
        </label>
      </div>
    </div>
  </div>
  <div
    class="m-0 row"
  />
</div>
`;
