// Jest Snapshot v1, https://jestjs.io/docs/snapshot-testing

exports[`UniformOffcanvas should render correctly 1`] = `
<div
  aria-labelledby="offcanvas-uniform-header"
  aria-modal="true"
  class="offcanvas offcanvas-end offcanvas-toggling show"
  role="dialog"
  style="width: 576px; visibility: visible;"
  tabindex="-1"
>
  <div
    class="offcanvas-header"
  >
    <div
      class="offcanvas-title h5"
    >
      <h3
        id="offcanvas-uniform-header"
      >
        Typ1
        : 
        <b>
          2501
        </b>
      </h3>
    </div>
    <button
      aria-label="Close"
      class="btn-close"
      type="button"
    />
  </div>
  <div
    class="offcanvas-body"
  >
    <h4>
      common.details
    </h4>
    <hr
      class="mb-0"
    />
    <div
      class="justify-content-evenly row"
    >
      <button
        class="col-auto border-0 btn btn-outline-secondary"
        type="button"
      >
        common.actions.edit
         
        <svg
          aria-hidden="true"
          class="svg-inline--fa fa-pen fa-sm "
          data-icon="pen"
          data-prefix="fas"
          role="img"
          viewBox="0 0 512 512"
        >
          <path
            d="M352.9 21.2L308 66.1 445.9 204 490.8 159.1C504.4 145.6 512 127.2 512 108s-7.6-37.6-21.2-51.1L455.1 21.2C441.6 7.6 423.2 0 404 0s-37.6 7.6-51.1 21.2zM274.1 100L58.9 315.1c-10.7 10.7-18.5 24.1-22.6 38.7L.9 481.6c-2.3 8.3 0 17.3 6.2 23.4s15.1 8.5 23.4 6.2l127.8-35.5c14.6-4.1 27.9-11.8 38.7-22.6L412 237.9 274.1 100z"
            fill="currentColor"
          />
        </svg>
      </button>
      <button
        class="col-auto border-0 btn btn-outline-danger"
        type="button"
      >
        common.actions.delete
         
        <svg
          aria-hidden="true"
          class="svg-inline--fa fa-trash fa-sm "
          data-icon="trash"
          data-prefix="fas"
          role="img"
          viewBox="0 0 448 512"
        >
          <path
            d="M136.7 5.9L128 32 32 32C14.3 32 0 46.3 0 64S14.3 96 32 96l384 0c17.7 0 32-14.3 32-32s-14.3-32-32-32l-96 0-8.7-26.1C306.9-7.2 294.7-16 280.9-16L167.1-16c-13.8 0-26 8.8-30.4 21.9zM416 144L32 144 53.1 467.1C54.7 492.4 75.7 512 101 512L347 512c25.3 0 46.3-19.6 47.9-44.9L416 144z"
            fill="currentColor"
          />
        </svg>
      </button>
    </div>
    <form
      autocomplete="off"
      class="mb-4"
      novalidate=""
    >
      <div
        class="mb-3 mt-2 justify-content-between row"
      >
        <div
          class="col-sm-auto col-12"
        >
          <div>
            <label
              class="fw-bold m-0  form-label"
              for="uniform_toggle-active"
            >
              common.status
            </label>
            <p
              aria-label="common.status"
              aria-readonly="true"
              class="mt-2"
            >
              common.uniform.state.active
            </p>
            <div
              aria-label="error message active"
              class="text-danger fs-7"
              data-testid="err_active"
              id="uniform_err_active"
              role="alert"
            />
          </div>
        </div>
        <div
          class="col-sm-auto col-7"
        >
          <div>
            <label
              class="fw-bold m-0  form-label"
              for="uniform_select-generation"
            >
              common.uniform.generation.label
            </label>
            <p
              aria-label="common.uniform.generation.label"
              aria-readonly="true"
              class="py-2 m-0"
            >
              Generation1-2
            </p>
            <div
              aria-label="error message generation"
              class="text-danger fs-7"
              data-testid="err_generation"
              id="uniform_err_generation"
              role="alert"
            />
          </div>
        </div>
        <div
          class="p-0 col-sm-auto col-5"
          style="min-width: 100px;"
        >
          <div>
            <label
              class="fw-bold m-0  form-label"
              for="uniform_select-size"
            >
              common.uniform.size
            </label>
            <p
              aria-label="common.uniform.size"
              aria-readonly="true"
              class="py-2 m-0"
            >
              0
            </p>
            <div
              aria-label="error message size"
              class="text-danger fs-7"
              data-testid="err_size"
              id="uniform_err_size"
              role="alert"
            />
          </div>
        </div>
        <div
          class="col-12"
        >
          <div>
            <label
              class="fw-bold m-0  form-label"
              for="uniform_input-comment"
            >
              common.comment
            </label>
            <textarea
              aria-invalid="false"
              class="form-control-plaintext"
              disabled=""
              id="uniform_input-comment"
              name="comment"
              rows="2"
              width="auto"
            >
              Test comment
            </textarea>
            <div
              aria-label="error message comment"
              class="text-danger fs-7"
              data-testid="err_comment"
              id="uniform_err_comment"
              role="alert"
            />
          </div>
        </div>
      </div>
    </form>
    <h4>
      uniformOffcanvas.owner.label
    </h4>
    <hr
      class="mb-0 mt-4"
    />
    <div
      class="mt-2 mb-4 row"
      data-testid="div_owner_row"
    >
      <div
        class="col"
      >
        <div
          class="fw-bold"
        >
          uniformOffcanvas.owner.issuedTo
          :
        </div>
        <a
          class="text-decoration-underline"
          href="/app/cadet/cadet1"
        >
          John
           
          Doe
        </a>
      </div>
      <div
        class="col"
      >
        <div
          class="fw-bold"
        >
          uniformOffcanvas.owner.issuedDate
          :
        </div>
        <p>
          01.10.2023
        </p>
      </div>
    </div>
    <h4>
      uniformOffcanvas.deficiency.header
    </h4>
    <hr
      class="mb-0"
    />
    <div
      class="m-0 mb-2 justify-content-between row"
    >
      <div
        class="col-sm-auto col-5"
      >
        <button
          class="mb-2 border-0 btn btn-outline-success"
          type="button"
        >
          common.actions.create
           
          <svg
            aria-hidden="true"
            class="svg-inline--fa fa-plus fa-sm "
            data-icon="plus"
            data-prefix="fas"
            role="img"
            viewBox="0 0 448 512"
          >
            <path
              d="M256 64c0-17.7-14.3-32-32-32s-32 14.3-32 32l0 160-160 0c-17.7 0-32 14.3-32 32s14.3 32 32 32l160 0 0 160c0 17.7 14.3 32 32 32s32-14.3 32-32l0-160 160 0c17.7 0 32-14.3 32-32s-14.3-32-32-32l-160 0 0-160z"
              fill="currentColor"
            />
          </svg>
        </button>
      </div>
      <div
        class="text-start m-2 col-sm-auto col-6"
      >
        <div
          class="form-check form-switch"
        >
          <input
            aria-label="uniformOffcanvas.deficiency.includeResolved"
            class="form-check-input"
            name="showResolved"
            type="checkbox"
          />
          <label
            class="form-check-label"
            title=""
          >
            uniformOffcanvas.deficiency.includeResolved
          </label>
        </div>
      </div>
    </div>
    <div
      aria-label="Deficiency list"
      class="m-0 row"
      role="list"
    >
      <div
        aria-label="uniformOffcanvas.deficiency.cardLabel"
        class="m-1 p-0  card"
        role="listitem"
      >
        <div
          class="position-relative card-body"
        >
          <form
            autocomplete="off"
            class="mb-4"
            novalidate=""
          >
            <div
              aria-label="uniformOffcanvas.deficiency.label.deficiencyType"
              class="fs-6 fw-bold card-title h5"
            >
              Test Type
               
            </div>
            <div
              class="position-absolute top-0 end-0"
            >
              <div
                class="dropstart"
              >
                <button
                  aria-expanded="false"
                  aria-label="uniformOffcanvas.deficiency.label.actions"
                  class="border-0 dropdown-toggle btn btn-outline-secondary"
                  id="Cadetdropdown"
                  type="button"
                >
                  <svg
                    aria-hidden="true"
                    class="svg-inline--fa fa-ellipsis-vertical "
                    data-icon="ellipsis-vertical"
                    data-prefix="fas"
                    role="img"
                    viewBox="0 0 128 512"
                  >
                    <path
                      d="M64 144a56 56 0 1 1 0-112 56 56 0 1 1 0 112zm0 224c30.9 0 56 25.1 56 56s-25.1 56-56 56-56-25.1-56-56 25.1-56 56-56zm56-112c0 30.9-25.1 56-56 56s-56-25.1-56-56 25.1-56 56-56 56 25.1 56 56z"
                      fill="currentColor"
                    />
                  </svg>
                </button>
              </div>
            </div>
            <p
              aria-label="uniformOffcanvas.deficiency.label.comment"
              class="card-text"
            >
              Test comment
            </p>
            <div
              class="align-items-center justify-content-center row"
              style="height: 2rem;"
            >
              <div
                class="position-relative"
              >
                <hr
                  class=""
                />
                <div
                  class="w-auto bg-white align-center position-absolute top-50 start-50 translate-middle"
                >
                  <button
                    class="border-0 btn btn-light btn-sm"
                    type="button"
                  >
                    <svg
                      aria-hidden="true"
                      class="svg-inline--fa fa-chevron-down text-dark me-2 false"
                      data-icon="chevron-down"
                      data-prefix="fas"
                      role="img"
                      viewBox="0 0 448 512"
                    >
                      <path
                        d="M201.4 406.6c12.5 12.5 32.8 12.5 45.3 0l192-192c12.5-12.5 12.5-32.8 0-45.3s-32.8-12.5-45.3 0L224 338.7 54.6 169.4c-12.5-12.5-32.8-12.5-45.3 0s-12.5 32.8 0 45.3l192 192z"
                        fill="currentColor"
                      />
                    </svg>
                    expandableArea.showMore
                  </button>
                </div>
              </div>
            </div>
          </form>
        </div>
      </div>
      <div
        aria-label="uniformOffcanvas.deficiency.cardLabel"
        class="m-1 p-0  card"
        role="listitem"
      >
        <div
          class="position-relative card-body"
        >
          <form
            autocomplete="off"
            class="mb-4"
            novalidate=""
          >
            <div
              aria-label="uniformOffcanvas.deficiency.label.deficiencyType"
              class="fs-6 fw-bold card-title h5"
            >
              Another One
               
            </div>
            <div
              class="position-absolute top-0 end-0"
            >
              <div
                class="dropstart"
              >
                <button
                  aria-expanded="false"
                  aria-label="uniformOffcanvas.deficiency.label.actions"
                  class="border-0 dropdown-toggle btn btn-outline-secondary"
                  id="Cadetdropdown"
                  type="button"
                >
                  <svg
                    aria-hidden="true"
                    class="svg-inline--fa fa-ellipsis-vertical "
                    data-icon="ellipsis-vertical"
                    data-prefix="fas"
                    role="img"
                    viewBox="0 0 128 512"
                  >
                    <path
                      d="M64 144a56 56 0 1 1 0-112 56 56 0 1 1 0 112zm0 224c30.9 0 56 25.1 56 56s-25.1 56-56 56-56-25.1-56-56 25.1-56 56-56zm56-112c0 30.9-25.1 56-56 56s-56-25.1-56-56 25.1-56 56-56 56 25.1 56 56z"
                      fill="currentColor"
                    />
                  </svg>
                </button>
              </div>
            </div>
            <p
              aria-label="uniformOffcanvas.deficiency.label.comment"
              class="card-text"
            >
              Test comment 2
            </p>
            <div
              class="align-items-center justify-content-center row"
              style="height: 2rem;"
            >
              <div
                class="position-relative"
              >
                <hr
                  class=""
                />
                <div
                  class="w-auto bg-white align-center position-absolute top-50 start-50 translate-middle"
                >
                  <button
                    class="border-0 btn btn-light btn-sm"
                    type="button"
                  >
                    <svg
                      aria-hidden="true"
                      class="svg-inline--fa fa-chevron-down text-dark me-2 false"
                      data-icon="chevron-down"
                      data-prefix="fas"
                      role="img"
                      viewBox="0 0 448 512"
                    >
                      <path
                        d="M201.4 406.6c12.5 12.5 32.8 12.5 45.3 0l192-192c12.5-12.5 12.5-32.8 0-45.3s-32.8-12.5-45.3 0L224 338.7 54.6 169.4c-12.5-12.5-32.8-12.5-45.3 0s-12.5 32.8 0 45.3l192 192z"
                        fill="currentColor"
                      />
                    </svg>
                    expandableArea.showMore
                  </button>
                </div>
              </div>
            </div>
          </form>
        </div>
      </div>
    </div>
    <h4
      class="mt-4"
    >
      uniformOffcanvas.history.header
    </h4>
    <hr
      class="mb-0"
    />
    <div
      class="row"
    >
      <div
        aria-label="uniformOffcanvas.history.header"
        class="m-0 p-4 col"
        role="list"
      >
        <div
          class="bg-light p-2 row"
        >
          <div
            class="fw-bold text-truncate col-4"
          >
            uniformOffcanvas.history.label.dateIssued
            :
          </div>
          <div
            class="fw-bold text-truncate col-4"
          >
            uniformOffcanvas.history.label.dateReturned
            :
          </div>
          <div
            class="fw-bold text-truncate col-4"
          >
            uniformOffcanvas.history.label.cadet
            :
          </div>
        </div>
        <div
          class="row"
          role="listitem"
        >
          <div
            aria-label="dateIssued"
            class="col"
          >
            01.10.2023
          </div>
          <div
            aria-label="dateReturned"
            class="col"
          />
          <div
            aria-label="person"
            class="col"
            title=""
          >
            John
             
            Doe
          </div>
        </div>
        <div
          class="row"
          role="listitem"
        >
          <div
            aria-label="dateIssued"
            class="col"
          >
            02.10.2023
          </div>
          <div
            aria-label="dateReturned"
            class="col"
          >
            03.10.2023
          </div>
          <div
            aria-label="person"
            class="text-decoration-line-through text-danger col"
            title="uniformOffcanvas.history.title.deleted"
          >
            Jane
             
            Smith
          </div>
        </div>
      </div>
    </div>
    <div
      class="h-50"
    />
  </div>
</div>
`;
