// Vitest Snapshot v1, https://vitest.dev/guide/snapshot.html

exports[`getRedirects > should return redirects successfully 1`] = `
[
  {
    "active": true,
    "code": "ausbildung0",
    "organisationId": "00bf2ef8-3894-47d4-ada4-e8b5cda5095c",
    "target": "https://example.com/ausbildung",
  },
  {
    "active": true,
    "code": "homepage0",
    "organisationId": "00bf2ef8-3894-47d4-ada4-e8b5cda5095c",
    "target": "https://example.com/homepage",
  },
  {
    "active": false,
    "code": "impressum0",
    "organisationId": "00bf2ef8-3894-47d4-ada4-e8b5cda5095c",
    "target": "https://example.com/impressum",
  },
  {
    "active": true,
    "code": "kontakt0",
    "organisationId": "00bf2ef8-3894-47d4-ada4-e8b5cda5095c",
    "target": "https://example.com/kontakt",
  },
]
`;
